
[1m[30m[46m RUN [49m[39m[22m [36mv4.1.5 [39m[90mC:/Users/DELL/Desktop/Heliocare-Backend[39m

[2026-05-18 00:18:37.447 +0100] [32mINFO[39m (6412): [36m[EMAIL_DEV] To: patient-1779059916845@example.com | Subject: Verify your Heliocare account[39m
[2026-05-18 00:18:37.447 +0100] [32mINFO[39m (6412): [36m[EMAIL_DEV] Text: Welcome to Heliocare! Please verify your account by clicking the link below:

http://localhost:3000/verify-email?token=79497e086ea2dbfd61e7b74629a9823ed72ab7be8e8d822e3a803b7a2eccde62[39m
[2026-05-18 00:18:38.095 +0100] [32mINFO[39m (6412): [36m[EMAIL_DEV] To: doctor-1779059916845@example.com | Subject: Verify your Heliocare account[39m
[2026-05-18 00:18:38.095 +0100] [32mINFO[39m (6412): [36m[EMAIL_DEV] Text: Welcome to Heliocare! Please verify your account by clicking the link below:

http://localhost:3000/verify-email?token=c18cd25ed1809285442bade6edcce0326110eb8e5f78a21ef312f8dc06dfdb8a[39m
[90mstdout[2m | tests/intake.test.ts[2m > [22m[2mOnboarding & Intake Flow[2m > [22m[2mStep 1: Patient creates Onboarding Profile
[22m[39mStep 1 Error: { status: [32m'error'[39m, message: [32m'Patient profile already exists'[39m }

[2026-05-18 00:18:38.392 +0100] [33mWARN[39m (6412): [36m[OPERATIONAL_ERROR] Patient profile already exists[39m
[2026-05-18 00:18:38.413 +0100] [31mERROR[39m (6412): [36m[UNHANDLED_ERROR] Invalid ENCRYPTION_KEY. Must be a 32-byte hex string (64 characters).[39m
    [35mstack[39m: "Error: Invalid ENCRYPTION_KEY. Must be a 32-byte hex string (64 characters).\n    at Function.encrypt (C:/Users/DELL/Desktop/Heliocare-Backend/src/utils/crypto.ts:12:13)\n    at start (C:/Users/DELL/Desktop/Heliocare-Backend/src/modules/intake/intake.controller.ts:32:32)\n    at processTicksAndRejections (node:internal/process/task_queues:105:5)"
    err: {
      "type": "Error",
      "message": "Invalid ENCRYPTION_KEY. Must be a 32-byte hex string (64 characters).",
      "stack":
          Error: Invalid ENCRYPTION_KEY. Must be a 32-byte hex string (64 characters).
              at Function.encrypt (C:/Users/DELL/Desktop/Heliocare-Backend/src/utils/crypto.ts:12:13)
              at start (C:/Users/DELL/Desktop/Heliocare-Backend/src/modules/intake/intake.controller.ts:32:32)
              at processTicksAndRejections (node:internal/process/task_queues:105:5)
    }
[90mstdout[2m | tests/intake.test.ts[2m > [22m[2mOnboarding & Intake Flow[2m > [22m[2mStep 2: Patient starts an Intake
[22m[39mStep 2 Error: {
  status: [32m'error'[39m,
  message: [32m'Internal server error'[39m,
  stack: [32m'Error: Invalid ENCRYPTION_KEY. Must be a 32-byte hex string (64 characters).\n'[39m +
    [32m'    at Function.encrypt (C:/Users/DELL/Desktop/Heliocare-Backend/src/utils/crypto.ts:12:13)\n'[39m +
    [32m'    at start (C:/Users/DELL/Desktop/Heliocare-Backend/src/modules/intake/intake.controller.ts:32:32)\n'[39m +
    [32m'    at processTicksAndRejections (node:internal/process/task_queues:105:5)'[39m
}

[90mstdout[2m | tests/intake.test.ts[2m > [22m[2mOnboarding & Intake Flow[2m > [22m[2mStep 3: Save partial step (Triggers soft exclusion)
[22m[39mStep 3 Error: {
  status: [32m'error'[39m,
  message: [32m'Validation failed'[39m,
  errors: [
    {
      origin: [32m'string'[39m,
      code: [32m'invalid_format'[39m,
      format: [32m'uuid'[39m,
      pattern: [32m'/^([0-9a-fA-F]{8}-[0-9a-fA-F]{4}-[1-8][0-9a-fA-F]{3}-[89abAB][0-9a-fA-F]{3}-[0-9a-fA-F]{12}|00000000-0000-0000-0000-000000000000|ffffffff-ffff-ffff-ffff-ffffffffffff)$/'[39m,
      path: [36m[Array][39m,
      message: [32m'Invalid Intake ID format'[39m
    }
  ]
}

[90mstdout[2m | tests/intake.test.ts[2m > [22m[2mOnboarding & Intake Flow[2m > [22m[2mStep 4: Save same step again (Idempotent update)
[22m[39mStep 4 Error: {
  status: [32m'error'[39m,
  message: [32m'Validation failed'[39m,
  errors: [
    {
      origin: [32m'string'[39m,
      code: [32m'invalid_format'[39m,
      format: [32m'uuid'[39m,
      pattern: [32m'/^([0-9a-fA-F]{8}-[0-9a-fA-F]{4}-[1-8][0-9a-fA-F]{3}-[89abAB][0-9a-fA-F]{3}-[0-9a-fA-F]{12}|00000000-0000-0000-0000-000000000000|ffffffff-ffff-ffff-ffff-ffffffffffff)$/'[39m,
      path: [36m[Array][39m,
      message: [32m'Invalid Intake ID format'[39m
    }
  ]
}

[2026-05-18 00:18:38.444 +0100] [33mWARN[39m (6412): [36m[OPERATIONAL_ERROR] Intake not found[39m
[90mstdout[2m | tests/intake.test.ts[2m > [22m[2mOnboarding & Intake Flow[2m > [22m[2mStep 5: Patient submits Intake
[22m[39mStep 5 Submit Error: { status: [32m'error'[39m, message: [32m'Intake not found'[39m }

[90mstdout[2m | tests/intake.test.ts[2m > [22m[2mOnboarding & Intake Flow[2m > [22m[2mStep 6: Doctor unlocks the Intake
[22m[39mStep 6 Error: { status: [32m'error'[39m, message: [32m'Intake not found'[39m }

[2026-05-18 00:18:38.454 +0100] [33mWARN[39m (6412): [36m[OPERATIONAL_ERROR] Intake not found[39m
[90mstdout[2m | tests/intake.test.ts[2m > [22m[2mOnboarding & Intake Flow[2m > [22m[2mStep 7: Patient modifies the now-unlocked Intake
[22m[39mStep 7 Error: {
  status: [32m'error'[39m,
  message: [32m'Validation failed'[39m,
  errors: [
    {
      origin: [32m'string'[39m,
      code: [32m'invalid_format'[39m,
      format: [32m'uuid'[39m,
      pattern: [32m'/^([0-9a-fA-F]{8}-[0-9a-fA-F]{4}-[1-8][0-9a-fA-F]{3}-[89abAB][0-9a-fA-F]{3}-[0-9a-fA-F]{12}|00000000-0000-0000-0000-000000000000|ffffffff-ffff-ffff-ffff-ffffffffffff)$/'[39m,
      path: [36m[Array][39m,
      message: [32m'Invalid Intake ID format'[39m
    }
  ]
}

 [31mΓ¥»[39m tests/intake.test.ts [2m([22m[2m8 tests[22m[2m | [22m[31m7 failed[39m[2m)[22m[33m 1658[2mms[22m[39m
     [33m[2mΓ£ô[22m[39m Preparation: Register Patient & Doctor [33m 1530[2mms[22m[39m
[31m     [31m├ù[31m Step 1: Patient creates Onboarding Profile[39m[32m 19[2mms[22m[39m
[31m     [31m├ù[31m Step 2: Patient starts an Intake[39m[32m 16[2mms[22m[39m
[31m     [31m├ù[31m Step 3: Save partial step (Triggers soft exclusion)[39m[32m 12[2mms[22m[39m
[31m     [31m├ù[31m Step 4: Save same step again (Idempotent update)[39m[32m 9[2mms[22m[39m
[31m     [31m├ù[31m Step 5: Patient submits Intake[39m[32m 10[2mms[22m[39m
[31m     [31m├ù[31m Step 6: Doctor unlocks the Intake[39m[32m 9[2mms[22m[39m
[31m     [31m├ù[31m Step 7: Patient modifies the now-unlocked Intake[39m[32m 8[2mms[22m[39m

[2m Test Files [22m [1m[31m1 failed[39m[22m[90m (1)[39m
[2m      Tests [22m [1m[31m7 failed[39m[22m[2m | [22m[1m[32m1 passed[39m[22m[90m (8)[39m
[2m   Start at [22m 00:18:35
[2m   Duration [22m 3.43s[2m (transform 304ms, setup 0ms, import 1.39s, tests 1.66s, environment 0ms)[22m

